// Jest Snapshot v1, https://goo.gl/fbAQLP

exports[`PokemonPicture.vue Debe de hacer match con el snapshot 1`] = `
<div class="pokemon-picture-container"><img src="https://raw.githubusercontent.com/PokeAPI/sprites/master/sprites/pokemon/other/dream-world/undefined.svg" class="hidden-pokemon" alt="pokemon">
  <!--v-if-->
</div>
`;
